---
title: 表达式与函数
date: 2020-03-26 16:28:57
tags:
- MySQL
- 个人博客
categories:
- MySQL
mathjax: true
---



# 表达式

如果拥有小学学历，就知道将数字和运算符连接起来的组合称之为`表达式`，比方说这样：

```mysql
1 + 1
4 * 3
```

其中的数字称之为`操作数`，运算符可以称之为`操作符`。特殊的，**单个操作数也可以被看作是一个特殊的表达式。**

在`MySQL`中也有表达式的概念，不过`操作数`和`操作符`的含义有了扩充。下边详细看一下。



## 操作数

`MySQL`中`操作数`可以是下边这几种类型：

- 常数：常数很好理解，我们平时用到的**数字、字符串、时间值**什么的都可以被称为常数，它是一个确定的值，比如数字`1`，字符串`'abc'`，时间值2019-08-16 17:10:43啥的。
- 列名：针对某个具体的表，它的列名可以被当作表达式的一部分，比如对于`student_info`表来说，`number`、`name`都可以作为`操作数`。
- 函数调用：`MySQL`中有`函数`的概念，比方说获取当前时间的函数`NOW`，而在函数后边加个小括号就算是一个`函数调用`，比如`NOW()`。
- 标量子查询或行子查询
- 其它表达式：一个表达式也可以作为一个操作数与另一个操作数来形成一个更复杂的表达式，比方说（假设`col`是一个列名）：
  - (1 + 1) * 2 + col * 3



## 操作符

- **算数操作符**：就是加减乘除法那一堆，我们看一下`MySQL`中都支持哪些

| 操作符 |  示例   |         描述         |
| :----: | :-----: | :------------------: |
|   +    |  a + b  |         加法         |
|   -    |  a - b  |         减法         |
|   *    |  a * b  |         乘法         |
|   /    |  a / b  |         除法         |
|  DIV   | a DIV b | 除法，取商的整数部分 |
|   %    |  a % b  |        取余数        |
|   -    |   -a    |         负号         |

在使用`MySQL`中的`算术操作符`时需要注意，`DIV`和`/`都表示除法操作符，但是`DIV`只会取商的整数部分，`/`会保留商的小数部分。比如表达式 `2 DIV 3`的结果是`0`，而`2 / 3`的结果是`0.6667`。



- **比较操作符**：就是在`搜索条件`中我们已经看过的`比较操作符`，我们把常用的都抄下来看一下：

|   操作符    |         示例          |            描述            |
| :---------: | :-------------------: | :------------------------: |
|      =      |         a = b         |           a等于b           |
|  <> 或 !=   |        a <> b         |          a不等于b          |
|      <      |         a < b         |           a小于b           |
|     <=      |        a <= b         |         a小于等于b         |
|      >      |         a > b         |           a大于b           |
|     \>=     |        a >= b         |         a大于等于b         |
|   BETWEEN   |   a BETWEEN b AND c   |        b <= a <= c         |
| NOT BETWEEN | a NOT BETWEEN b AND c |     不满足b <= a <= c      |
|     IN      |   a IN (b1,b2,...)    |   a是b1,b2,...中的某一个   |
|   NOT IN    | a NOT IN (b1,b2,...)  | a不是b1,b2,...中的任意一个 |
|   IS NULL   |       a IS NULL       |          a是NULL           |
| IS NOT NULL |     a IS NOT NULL     |         a不是NULL          |
|    LIKE     |       a LIKE b        |           a匹配b           |
|  NOT LIKE   |     a NOT LIKE b      |          a不匹配b          |

由`比较操作符`连接而成的表达式也称为`布尔表达式`，表示`真`或者`假`，也可以称为`TRUE`或者`FALSE`。比如`1 > 3`就代表`FALSE`，`3 != 2`就代表`TRUE`。



- **逻辑操作符**：逻辑操作符是用来将多个`布尔表达式`连接起来，我们需要了解这几个`逻辑操作符`：

| 操作符 |  示例   |                 描述                 |
| :----: | :-----: | :----------------------------------: |
|  AND   | a AND b |    只有a和b同时为真，表达式才为真    |
|   OR   | a OR b  | 只要a或b有任意一个为真，表达式就为真 |
|  XOR   | a XOR b |   a和b有且只有一个为真，表达式为真   |



# 表达式的使用

只要把这些`操作数`和`操作符`相互组合起来就可以组成一个`表达式`。`表达式`主要以下边这**两种方式**使用：

- **放在查询列表中**

我们前边都是将列名放在查询列表中的(`*`号代表所有的列名～)。列名只是`表达式`中超级简单的一种，我们可以将任意一个表达式作为查询列表的一部分来处理，比方说我们可以在查询`student_score`表时把`score`字段的数据都加`100`，就像这样：

```mysql
mysql> SELECT  number, subject, score + 100 FROM student_score;
+----------+-----------------------------+-------------+
| number   | subject                     | score + 100 |
+----------+-----------------------------+-------------+
| 20180101 | 母猪的产后护理              |         178 |
| 20180101 | 论萨达姆的战争准备          |         188 |
| 20180102 | 母猪的产后护理              |         200 |
| 20180102 | 论萨达姆的战争准备          |         198 |
| 20180103 | 母猪的产后护理              |         159 |
| 20180103 | 论萨达姆的战争准备          |         161 |
| 20180104 | 母猪的产后护理              |         155 |
| 20180104 | 论萨达姆的战争准备          |         146 |
+----------+-----------------------------+-------------+
8 rows in set (0.00 sec)
```

其中的`number`、`subject`、`score + 100`都是表达式，结果集中的列的名称也将默认使用这些表达式的名称，所以如果你觉得原名称不好，我们可以使用别名：

```mysql
mysql> SELECT  number, subject, score + 100 AS score FROM student_score;
+----------+-----------------------------+-------+
| number   | subject                     | score |
+----------+-----------------------------+-------+
| 20180101 | 母猪的产后护理              |   178 |
| 20180101 | 论萨达姆的战争准备          |   188 |
| 20180102 | 母猪的产后护理              |   200 |
| 20180102 | 论萨达姆的战争准备          |   198 |
| 20180103 | 母猪的产后护理              |   159 |
| 20180103 | 论萨达姆的战争准备          |   161 |
| 20180104 | 母猪的产后护理              |   155 |
| 20180104 | 论萨达姆的战争准备          |   146 |
+----------+-----------------------------+-------+
8 rows in set (0.00 sec)
```



需要注意的是，**放在查询列表的表达式也可以不涉及列名**，就像这样：

```mysql
mysql> SELECT 1 FROM student_info;
+---+
| 1 |
+---+
| 1 |
| 1 |
| 1 |
| 1 |
| 1 |
| 1 |
+---+
6 rows in set (0.01 sec)
```

因为`student_info`中有6条记录，所以结果集中也就展示了6条结果，不过我们的查询列表处只有一个常数`1`，所以所有的结果的值也都是常数`1`。这种查询列表中不涉及列名的情况下，我们甚至可以省略掉`FROM`子句后边的表名，就像这样：

```mysql
mysql> SELECT 1;
+---+
| 1 |
+---+
| 1 |
+---+
1 row in set (0.00 sec)
```



- **作为搜索条件**

我们在介绍搜索条件的时候介绍的都是带有列名的表达式，**搜索条件也可以不带列名**，比如这样：

```mysql
mysql> SELECT number, name, id_number, major FROM student_info WHERE 2 > 1;
+----------+-----------+--------------------+--------------------------+
| number   | name      | id_number          | major                    |
+----------+-----------+--------------------+--------------------------+
| 20180101 | 杜子腾    | 158177199901044792 | 计算机科学与工程         |
| 20180102 | 杜琦燕    | 151008199801178529 | 计算机科学与工程         |
| 20180103 | 范统      | 17156319980116959X | 软件工程                 |
| 20180104 | 史珍香    | 141992199701078600 | 软件工程                 |
| 20180105 | 范剑      | 181048199308156368 | 飞行器设计               |
| 20180106 | 朱逸群    | 197995199501078445 | 电子信息                 |
+----------+-----------+--------------------+--------------------------+
6 rows in set (0.00 sec)
```

由于我们的搜索条件是`2 > 1`，这个条件对于表中的每一条记录都成立，所以最后的查询结果就是全部的记录。不过这么写有点儿傻哈，没有一毛钱卵用，没一点实际意义～ 所以通常情况下搜索条件中都会包含列名的。



# 函数

如果我们想使用函数，可以在函数名后加一个小括号`()`就好，表示调用一下这个函数，简称`函数调用`。比方说`NOW()`就代表调用`NOW`函数来获取当前日期和时间。针对某些包含参数的函数，我们也可以在小括号`()`里将参数填入，比方说`UPPER('abc')`表示将字符串`'abc'`转换为大写格式。

下边来介绍一些常用的`MySQL`内置函数：



## 文本处理函数

|   名称    |         调用示例          | 示例结果  |                  描述                  |
| :-------: | :-----------------------: | :-------: | :------------------------------------: |
|   LEFT    |     LEFT('abc123',3)      |    abc    |    给定字符串从左边取指定长度的子串    |
|   RIGHT   |     RIGHT('abc123',3)     |    123    |    给定字符串从右边取指定长度的子串    |
|  LENGTH   |       LENGTH('abc')       |     3     |            给定字符串的长度            |
|   LOWER   |       LOWER('ABC')        |    abc    |          给定字符串的小写格式          |
|   UPPER   |       UPPER('abc')        |    ABC    |          给定字符串的大写格式          |
|   LTRIM   |      LTRIM('  abc')       |    abc    |     给定字符串左边空格去除后的格式     |
|   RTRIM   |      RTRIM('abc  ')       |    abc    |     给定字符串右边空格去除后的格式     |
| SUBSTRING |  SUBSTRING('abc123',2,3)  |    bc1    | 给定字符串从指定位置截取指定长度的子串 |
|  CONCAT   | CONCAT('abc','123','xyz') | abc123xyz |  将给定的各个字符串拼接成一个新字符串  |

我们以`SUBSTRING`函数为例试一下：

```mysql
mysql> SELECT SUBSTRING('abc123', 2, 3);
+---------------------------+
| SUBSTRING('abc123', 2, 3) |
+---------------------------+
| bc1                       |
+---------------------------+
1 row in set (0.00 sec)
```

我们前边在唠叨`表达式`的说过，`函数调用`也算是一种表达式的`操作数`，**它可以和其他操作数用操作符连接起来组成一个表达式来作为查询列表的一部分或者放到搜索条件中**。我们来以`CONCAT`函数为例来看一下：

```mysql
mysql> SELECT CONCAT('学号为', number, '的学生在《', subject, '》课程的成绩是：', score) AS 成绩描述 FROM student_score;
+---------------------------------------------------------------------------------------+
| 成绩描述                                                                              |
+---------------------------------------------------------------------------------------+
| 学号为20180101的学生在《母猪的产后护理》课程的成绩是：78                              |
| 学号为20180101的学生在《论萨达姆的战争准备》课程的成绩是：88                          |
| 学号为20180102的学生在《母猪的产后护理》课程的成绩是：100                             |
| 学号为20180102的学生在《论萨达姆的战争准备》课程的成绩是：98                          |
| 学号为20180103的学生在《母猪的产后护理》课程的成绩是：59                              |
| 学号为20180103的学生在《论萨达姆的战争准备》课程的成绩是：61                          |
| 学号为20180104的学生在《母猪的产后护理》课程的成绩是：55                              |
| 学号为20180104的学生在《论萨达姆的战争准备》课程的成绩是：46                          |
+---------------------------------------------------------------------------------------+
8 rows in set (0.00 sec)
```



## 日期和时间处理函数

|    名称     |                    调用示例                     |      示例结果       |                             描述                             |
| :---------: | :---------------------------------------------: | :-----------------: | :----------------------------------------------------------: |
|     NOW     |                      NOW()                      | 2019-08-16 17:10:43 |                      返回当前日期和时间                      |
|   CURDATE   |                    CURDATE()                    |     2019-08-16      |                         返回当前日期                         |
|   CURTIME   |                    CURTIME()                    |      17:10:43       |                         返回当前时间                         |
|    DATE     |           DATE('2019-08-16 17:10:43')           |     2019-08-16      |               将给定日期和时间值的日期提取出来               |
|  DATE_ADD   | DATE_ADD('2019-08-16 17:10:43', INTERVAL 2 DAY) | 2019-08-18 17:10:43 |            将给定的日期和时间值添加指定的时间间隔            |
|  DATE_SUB   | DATE_SUB('2019-08-16 17:10:43', INTERVAL 2 DAY) | 2019-08-14 17:10:43 |            将给定的日期和时间值减去指定的时间间隔            |
|  DATEDIFF   |      DATEDIFF('2019-08-16', '2019-08-17');      |         -1          | 返回两个日期之间的天数（负数代表前一个参数代表的日期比较小） |
| DATE_FORMAT |          DATE_FORMAT(NOW(),'%m-%d-%Y')          |     08-16-2019      |                  用给定的格式显示日期和时间                  |

在使用这些函数时需要注意一些地方：

- 在使用`DATE_ADD`和`DATE_SUB`这两个函数时需要注意，增加或减去的时间间隔单位可以自己定义，下边是`MySQL`支持的一些时间单位：

  |  时间单位   | 描述 |
  | :---------: | :--: |
  | MICROSECOND | 毫秒 |
  |   SECOND    |  秒  |
  |   MINUTE    | 分钟 |
  |    HOUR     | 小时 |
  |     DAY     |  天  |
  |    WEEK     | 星期 |
  |    MONTH    |  月  |
  |   QUARTER   | 季度 |
  |    YEAR     |  年  |

如果我们相让`2019-08-16 17:10:43`这个时间值增加2分钟，可以这么写：

```mysql
mysql> SELECT DATE_ADD('2019-08-16 17:10:43', INTERVAL 2 MINUTE);
+----------------------------------------------------+
| DATE_ADD('2019-08-16 17:10:43', INTERVAL 2 MINUTE) |
+----------------------------------------------------+
| 2019-08-16 17:12:43                                |
+----------------------------------------------------+
1 row in set (0.00 sec)
```

- 在使用`DATE_FORMAT`函数时需要注意，我们可以通过一些所谓的`格式符`来自定义日期和时间的显示格式，下边是`MySQL`中常用的一些日期和时间的格式符以及它们对应的含义：

| 格式符 |                          描述                           |
| :----: | :-----------------------------------------------------: |
|   %b   |           简写的月份名称（Jan、Feb、...、Dec)           |
|   %D   | 带有英文后缀的月份中的日期（0th、1st、2nd、...、31st)） |
|   %d   |       数字格式的月份中的日期(00、01、02、...、31)       |
|   %f   |                  微秒（000000-999999）                  |
|   %H   |               二十四小时制的小时 (00-23)                |
|   %h   |                十二小时制的小时 (01-12)                 |
|   %i   |                  数值格式的分钟(00-59)                  |
|   %M   |       月份名（January、February、...、December）        |
|   %m   |                  数值形式的月份(00-12)                  |
|   %p   |          上午或下午（AM代表上午、PM代表下午）           |
|   %S   |                        秒(00-59)                        |
|   %s   |                        秒(00-59)                        |
|   %W   |         星期名（Sunday、Monday、...、Saturday）         |
|   %w   |      周内第几天 （0=星期日、1=星期一、 6=星期六）       |
|   %Y   |               4位数字形式的年（例如2019）               |
|   %y   |                2位数字形式的年（例如19）                |

我们可以把我们想要的显示格式用对应的格式符描述出来，就像这样：

```mysql
mysql> SELECT DATE_FORMAT(NOW(),'%b %d %Y %h:%i %p');
+----------------------------------------+
| DATE_FORMAT(NOW(),'%b %d %Y %h:%i %p') |
+----------------------------------------+
| Mar 30 2020 10:54 AM                   |
+----------------------------------------+
1 row in set
```



## 数值处理函数

下边列举一些数学上常用到的函数，在遇到需要数学计算的业务时会很有用：

| 名称 |  调用示例   |      示例结果      |        描述        |
| :--: | :---------: | :----------------: | :----------------: |
| ABS  |   ABS(-1)   |         1          |      取绝对值      |
|  Pi  |    PI()     |      3.141593      |     返回圆周率     |
| COS  |  COS(PI())  |         -1         | 返回一个角度的余弦 |
| EXP  |   EXP(1)    | 2.718281828459045  |  返回e的指定次方   |
| MOD  |  MOD(5,2)   |         1          |   返回除法的余数   |
| RAND |   RAND()    | 0.7537623539136372 |   返回一个随机数   |
| SIN  | SIN(PI()/2) |         1          | 返回一个角度的正弦 |
| SQRT |   SQRT(9)   |         3          | 返回一个数的平方根 |
| TAN  |   TAN(0)    |         0          | 返回一个角度的正切 |



## 聚集函数

聚集函数又称为**多行处理函数**，和上面的函数（**单行处理函数**有区别）。聚集函数一共有5个，它的特点是**输入多行，最终输出一行**。而**单行处理函数的特点书输入单行，输出单行**。

有些函数是用来统计数据的，比方说统计一下表中的行数，某一列数据的最大值是什么，我们把这种函数称之为`聚集函数`，下边介绍`MySQL`中常用的几种`聚集函数`：

| 函数名 |       描述       |
| :----: | :--------------: |
| COUNT  |  返回某列的行数  |
|  MAX   | 返回某列的最大值 |
|  MIN   | 返回某列的最小值 |
|  SUM   |  返回某列值之和  |
|  AVG   | 返回某列的平均值 |

**注意：在mysql中除了count(*)为特例（不忽略null值）外，其余聚集函数是忽略null值**



### COUNT函数

`COUNT`函数使用来统计行数的，它有下边两种使用方式：

1. `COUNT(*)`：对表中行的数目进行计数，不管列的值是不是`NULL`。
2. `COUNT(列名)`：对特定的列进行计数，会忽略掉该列为`NULL`的行。

**两者的区别是会不会忽略统计列的值为NULL的行！两者的区别是会不会忽略统计列的值为NULL的行！两者的区别是会不会忽略统计列的值为NULL的行！**重要的事情说3遍



### MAX函数

`MAX`函数是用来查询某列中数据的最大值，以`student_score`表中的`score`列为例来看一下：

```mysql
mysql> SELECT MAX(score) FROM student_score;
+------------+
| MAX(score) |
+------------+
|        100 |
+------------+
1 row in set (0.00 sec)
```



### MIN函数

`MIN`函数是用来查询某列中数据的最小值，以`student_score`表中的`score`列为例来看一下：

```mysql
mysql> SELECT MIN(score) FROM student_score;
+------------+
| MIN(score) |
+------------+
|         46 |
+------------+
1 row in set (0.00 sec)
```



### SUM函数

`SUM`函数是用来计算某列数据的和，还是以`student_score`表中的`score`列为例来看一下：

```mysql
mysql> SELECT SUM(score) FROM student_score;
+------------+
| SUM(score) |
+------------+
|        585 |
+------------+
1 row in set (0.01 sec)
```



### AVG函数

`AVG`函数是用来计算某列数据的平均数，还是以`student_score`表中的`score`列为例来看一下：

```mysql
mysql> SELECT AVG(score) FROM student_score;
+------------+
| AVG(score) |
+------------+
|    73.1250 |
+------------+
1 row in set (0.00 sec)
```



**注意：上述五个聚集函数不可直接出现在where子句当中！**例如有个需求，表emp中有每个人的个人信息（姓名name、工资sal等），要找出工资大于平均工资的人的信息。我们可能会想到下面这种写法，但是**要注意这种写法是完全错误的！**

```mysql
mysql> select name from emp where sal > avg(sal);
/* 错误信息：ERROR 1111 (HY000): Invalid use of group function*/
```

**那这到底是为什么呢？为什么聚集函数不能出现在where子句当中呢？**

- 因为聚集函数一般都会和group by联合使用！**并且任何一个聚集函数（count、sum、max、min、avg）都是在group by语句执行之后才会执行的**。当一条sql语句没有group by的时候，整张表的数据会自成一组。但这里好像还是没说明为啥不能出现在where子句当中？其实已经说明了，因为group by的执行顺序是在where之后，所以当然不能在where中用聚集函数了，因为聚集函数要在group by执行之后使用
- 但是还有个问题：

```mysql
mysql> SELECT AVG(score) FROM student_score;
```

上面这个语句为什么可以运行呢？它也没有group by语句啊！这里我们需要注意，**如果一个查询语句中没有显示地写出group by语句，会默认的存在一个缺省的group by语句，使得整张表自成一组。**

好啦，现在疑问解决了！那么上面的那个需求怎么解决呢？可以使用**子查询**

```mysql
mysql> select name from emp where sal > (select avg(sal) from emp);
```



这里先给个结论：**聚集函数只能出现在select子句、having子句和order by子句中！！！**



### 给定搜索条件下聚集函数的使用

聚集函数并不是一定要统计一个表中的所有记录，我们也可以指定搜索条件来限定这些聚集函数作用的范围。比方说我们只想统计`'母猪的产后护理'`这门课程的平均分可以这么写：

```mysql
mysql> SELECT AVG(score) FROM student_score WHERE subject = '母猪的产后护理';
+------------+
| AVG(score) |
+------------+
|    73.0000 |
+------------+
1 row in set (0.00 sec)
```

换句话说就是：**不在搜索条件中的那些记录是不参与统计的。**



### 聚集函数中DISTINCT的使用

默认情况下，上边介绍的聚集函数将计算指定列的所有非`NULL`数据，如果我们指定的列中有重复数据的话，可以选择使用`DISTINCT`来过滤掉这些重复数据。比方说我们想查看一下`student_info`表中存储了多少个专业的学生信息，就可以这么写：

```mysql
mysql> SELECT COUNT(DISTINCT major) FROM student_info;
+-----------------------+
| COUNT(DISTINCT major) |
+-----------------------+
|                     4 |
+-----------------------+
1 row in set (0.01 sec)
```



### 组合聚集函数

这些聚集函数也可以集中在一个查询中使用，比如这样：

```mysql
mysql> SELECT COUNT(*) AS 成绩记录总数, MAX(score) AS 最高成绩, MIN(score) AS 最低成绩, AVG(score) AS 平均成绩 FROM student_score;
+--------------------+--------------+--------------+--------------+
| 成绩记录总数       | 最高成绩     | 最低成绩     | 平均成绩     |
+--------------------+--------------+--------------+--------------+
|                  8 |          100 |           46 |      73.1250 |
+--------------------+--------------+--------------+--------------+
1 row in set (0.00 sec)
```

